// 重构日志: 59c849fa
// 重构日志: 1bf5059c
// 重构日志: 612a3df6
// 重构日志: 8a7110e0
// 同步 ID: 62c3a5e8 @ Mon Jul 20 01:43:50 UTC 2026
// 重构日志: 66b9efc6
// 重构日志: 36db3dc5
// 重构日志: 5a470901
// 重构日志: fc72f215
// 重构日志: 5c01fcc9
// 重构日志: bd04dab7
// 重构日志: 8daad97f
// 重构日志: 4657a2e9
// 重构日志: 81005eae
// 重构日志: bee36e1f
// 同步 ID: 3fe2747a @ Sat Jul 25 12:12:39 UTC 2026
// 同步 ID: 5d670465 @ Sun Jul 26 12:19:07 UTC 2026
// 重构日志: a2762fb1
// 重构日志: d4098988
// 同步 ID: fba43103 @ Tue Jul 28 15:28:01 UTC 2026
// 同步 ID: 2564d4b9 @ Wed Jul 29 05:04:21 UTC 2026
// 重构日志: 2567aed8
// 重构日志: f6d09bbb
// 同步 ID: 991f8053 @ Thu Jul 30 12:18:13 UTC 2026
// 同步 ID: e521cd70 @ Fri Jul 31 11:46:15 UTC 2026
// 重构日志: b4c1016c
// 同步 ID: 814440d7 @ Sun Aug  2 05:10:18 UTC 2026
// 重构日志: 1f8ad395
// 重构日志: 895fe030
// 同步 ID: b538f370 @ Sun Aug  2 16:05:13 UTC 2026
// 重构日志: 5ea76283
// 重构日志: 78c1d2e1
